// Jest Snapshot v1, https://goo.gl/fbAQLP

exports[`ContactSection renders correctly 1`] = `null`;

exports[`ContactSection renders correctly with missing landing page fields 1`] = `null`;

exports[`ContactSection renders correctly with null landing page 1`] = `null`;
