// Jest Snapshot v1, https://goo.gl/fbAQLP

exports[`OverviewSection renders correctly 1`] = `
<section
  className="py-16 text-center md:py-24"
  id="overview"
>
  <div
    className="container"
  >
    <div
      className="mx-auto inner lg:w-7/12"
    >
      <div
        className="mb-12"
      >
        <div
          className="flex items-center justify-center w-20 h-20 mx-auto mb-1 bg-blue-200 rounded-full md:w-24 md:h-24 icon-wrapper"
        >
          <img
            alt="Icon"
            className="w-12 md:w-16"
            src={Object {}}
          />
        </div>
        <h2
          className=""
        >
          Course Overview
        </h2>
      </div>
      <div
        className="text-left text-gray-700 space-y-6 react-markdown"
      >
        <p>
          The 
          <strong>
            complete
          </strong>
           guide to this theme!
        </p>
      </div>
      <div
        className="mt-8 btn-wrapper"
      >
        <a
          className="btn text-white bg-blue-500 text-lg btn-lg"
          href="/#curriculum"
          onClick={[Function]}
          onMouseEnter={[Function]}
          text="View Curriculum"
        >
          View Curriculum
        </a>
      </div>
    </div>
  </div>
</section>
`;

exports[`OverviewSection renders correctly with missing landing page fields 1`] = `
<section
  className="py-16 text-center md:py-24"
  id="overview"
>
  <div
    className="container"
  >
    <div
      className="mx-auto inner lg:w-7/12"
    >
      <div
        className="mb-12"
      >
        <div
          className="flex items-center justify-center w-20 h-20 mx-auto mb-1 bg-blue-200 rounded-full md:w-24 md:h-24 icon-wrapper"
        >
          <img
            alt="Icon"
            className="w-12 md:w-16"
            src={Object {}}
          />
        </div>
        <h2
          className=""
        >
          Course Overview
        </h2>
      </div>
      <div
        className="text-left text-gray-700 space-y-6 react-markdown"
      >
        <p>
          The 
          <strong>
            complete
          </strong>
           guide to this theme!
        </p>
      </div>
      <div
        className="mt-8 btn-wrapper"
      >
        <a
          className="btn text-white bg-blue-500 text-lg btn-lg"
          href="/#curriculum"
          onClick={[Function]}
          onMouseEnter={[Function]}
          text="View Curriculum"
        >
          View Curriculum
        </a>
      </div>
    </div>
  </div>
</section>
`;

exports[`OverviewSection renders correctly with null landing page 1`] = `null`;
