// Jest Snapshot v1, https://goo.gl/fbAQLP

exports[`FAQSection renders correctly 1`] = `null`;

exports[`FAQSection renders correctly with missing landing page fields 1`] = `null`;

exports[`FAQSection renders correctly with null landing page 1`] = `null`;
