// Jest Snapshot v1, https://goo.gl/fbAQLP

exports[`Checkout renders correctly 1`] = `<checkout />`;
